// Jest Snapshot v1, https://goo.gl/fbAQLP

exports[`should match full page snapshot 1`] = `
<div>
  <a
    class="usa-link"
    href="/income"
  >
    Back
  </a>
  <h1>
    Choose a clinic
  </h1>
  <p>
    All required questions are marked with an asterisk
     (
    <abbr
      class="usa-hint usa-hint--required"
    >
      *
    </abbr>
    ).
  </p>
  <div
    class="content-group"
  >
    <p>
      Youâ€™ll need to visit a clinic in person to complete a certification appointment for WIC. Choose the clinic you would like to go to during business hours.
    </p>
  </div>
  <div
    class="content-group"
  >
    <h2>
      Enter your residential ZIP code to search for a clinic:
      <abbr
        class="usa-hint usa-hint--required"
      >
         *
      </abbr>
    </h2>
    <section
      aria-label="Search clinic by zip"
    >
      <form
        class="usa-search usa-search--small"
        role="search"
      >
        <label
          class="usa-sr-only"
          for="search-field-en-small"
        >
          Enter your residential ZIP code to search for a clinic:
        </label>
        <input
          class="usa-input usa-input-error"
          id="search-field-en-small"
          type="search"
          value=""
        />
        <button
          class="usa-button"
          type="submit"
        >
          <span
            style="box-sizing: border-box; display: inline-block; overflow: hidden; background: none; opacity: 1; border: 0px; margin: 0px; padding: 0px; position: relative; max-width: 100%;"
          >
            <span
              style="box-sizing: border-box; display: block; background: none; opacity: 1; border: 0px; margin: 0px; padding: 0px; max-width: 100%;"
            >
              <img
                alt=""
                aria-hidden="true"
                src="data:image/svg+xml,%3csvg%20xmlns=%27http://www.w3.org/2000/svg%27%20version=%271.1%27%20width=%2720%27%20height=%2720%27/%3e"
                style="display: block; max-width: 100%; background: none; opacity: 1; border: 0px; margin: 0px; padding: 0px;"
              />
            </span>
            <img
              alt="Search"
              class="usa-search__submit-icon"
              data-nimg="intrinsic"
              decoding="async"
              src="data:image/gif;base64,R0lGODlhAQABAIAAAAAAAP///yH5BAEAAAAALAAAAAABAAEAAAIBRAA7"
              style="position: absolute; top: 0px; left: 0px; bottom: 0px; right: 0px; box-sizing: border-box; padding: 0px; margin: auto; display: block; width: 0px; height: 0px; min-width: 100%; max-width: 100%; min-height: 100%; max-height: 100%;"
            />
            <noscript />
          </span>
        </button>
      </form>
    </section>
  </div>
</div>
`;
