// Jest Snapshot v1, https://goo.gl/fbAQLP

exports[`Clinic should render the heading 1`] = `
<h2>
  Choose a clinic
</h2>
`;
