// Jest Snapshot v1, https://goo.gl/fbAQLP

exports[`Contact should render first name prompt 1`] = `
<label
  class="usa-label"
  for="firstName"
>
  First name
  <abbr
    class="usa-hint usa-hint--required"
  >
     *
  </abbr>
</label>
`;
