// Jest Snapshot v1, https://goo.gl/fbAQLP

exports[`Income should render the heading 1`] = `
<h2>
  To be eligible for WIC, your 
  &lt;b&gt;household income before taxes&lt;/b&gt;
   must be 
  &lt;b&gt;at&lt;/b&gt;
   or 
  &lt;b&gt;below&lt;/b&gt;
   a certain income level.
</h2>
`;
