// Jest Snapshot v1, https://goo.gl/fbAQLP

exports[`Index should render the heading 1`] = `
<h1>
  Start an application for WIC
</h1>
`;
