// Jest Snapshot v1, https://goo.gl/fbAQLP

exports[`Information should render title text 1`] = `
<p
  class="margin-top-1"
>
  You can start applying for WIC by checking to see if you're eligible.
</p>
`;
