// Jest Snapshot v1, https://goo.gl/fbAQLP

exports[`should match snapshot 1`] = `
<div>
  <a
    class="usa-link"
    href="/"
  >
    Back
  </a>
</div>
`;
