// Jest Snapshot v1, https://goo.gl/fbAQLP

exports[`should match snapshot 1`] = `
<div>
  <label
    class="usa-label"
    for="test-id"
  >
    dropdown label
  </label>
  <select
    class="usa-select"
    id="test-id"
    name="test-id"
  >
    <option
      value=""
    >
      - 
      Select
       -
    </option>
    <option
      value="a"
    >
      a
    </option>
    <option
      value="b"
    >
      b
    </option>
    <option
      value="c"
    >
      c
    </option>
  </select>
</div>
`;
