// Jest Snapshot v1, https://goo.gl/fbAQLP

exports[`should match snapshot 1`] = `
<div>
  <abbr
    class="usa-hint usa-hint--required"
  >
     *
  </abbr>
</div>
`;
