// Jest Snapshot v1, https://goo.gl/fbAQLP

exports[`should match snapshot 1`] = `
<div>
  <p>
    All required questions are marked with an asterisk
     (
    <abbr
      class="usa-hint usa-hint--required"
    >
      *
    </abbr>
    ).
  </p>
</div>
`;
